// Jest Snapshot v1, https://goo.gl/fbAQLP

exports[`WeatherComponent - forecast renders correctly 1`] = `
<div
  className="css-view-1dbjc4n"
  style={
    Object {
      "WebkitFlex": 1,
      "backgroundColor": "rgba(249,250,251,1.00)",
      "borderBottomColor": "rgba(229,231,235,1.00)",
      "borderBottomLeftRadius": "4px",
      "borderBottomRightRadius": "4px",
      "borderBottomWidth": "2px",
      "borderLeftColor": "rgba(229,231,235,1.00)",
      "borderLeftWidth": "2px",
      "borderRightColor": "rgba(229,231,235,1.00)",
      "borderRightWidth": "2px",
      "borderTopColor": "rgba(229,231,235,1.00)",
      "borderTopLeftRadius": "4px",
      "borderTopRightRadius": "4px",
      "borderTopWidth": "2px",
      "flex": 1,
      "msFlex": "1 1 0%",
      "paddingBottom": "12px",
      "paddingLeft": "12px",
      "paddingRight": "12px",
      "paddingTop": "12px",
    }
  }
>
  <div
    className="css-text-901oao"
    dir="auto"
    style={
      Object {
        "color": "rgba(139,92,246,1.00)",
        "fontSize": "12px",
      }
    }
  >
    Something went wrong...
  </div>
</div>
`;
